2025-05-05 20:58:48,409 - INFO - 成功从/home/user/project/25050300iGemLLM/QA/data/teams_wiki_data.json加载了107条记录
2025-05-05 20:58:48,409 - INFO - 将处理 107 条记录 (从索引 0 开始)
2025-05-05 20:58:48,409 - INFO - 处理记录 1/107
2025-05-05 20:58:48,409 - INFO - 调用API (尝试 1/3)
2025-05-05 20:59:17,639 - INFO - 成功为来源 'AFMU-China - https://2024.igem.wiki/afmu-china' 生成了 3 个问答对
2025-05-05 20:59:19,641 - INFO - 处理记录 2/107
2025-05-05 20:59:19,641 - INFO - 调用API (尝试 1/3)
2025-05-05 20:59:57,063 - INFO - 成功为来源 'Alma - https://2024.igem.wiki/alma' 生成了 3 个问答对
2025-05-05 20:59:59,065 - INFO - 处理记录 3/107
2025-05-05 20:59:59,066 - INFO - 调用API (尝试 1/3)
2025-05-05 21:00:20,830 - INFO - 成功从/home/user/project/25050300iGemLLM/QA/data/teams_wiki_data.json加载了107条记录
2025-05-05 21:00:20,830 - INFO - 将处理 107 条记录 (从索引 0 开始)
2025-05-05 21:00:20,830 - INFO - 处理记录 1/107
2025-05-05 21:00:20,831 - INFO - 调用API (尝试 1/3)
2025-05-05 21:00:29,937 - INFO - 成功从/home/user/project/25050300iGemLLM/QA/data/teams_wiki_data.json加载了107条记录
2025-05-05 21:00:29,937 - INFO - 将处理 107 条记录 (从索引 0 开始)
2025-05-05 21:00:29,937 - INFO - 处理记录 1/107
2025-05-05 21:00:29,937 - INFO - 调用API (尝试 1/3)
2025-05-05 21:00:41,734 - INFO - 成功从/home/user/project/25050300iGemLLM/QA/data/teams_wiki_data.json加载了107条记录
2025-05-05 21:00:41,734 - INFO - 将处理 107 条记录 (从索引 0 开始)
2025-05-05 21:00:41,734 - INFO - 处理记录 1/107
2025-05-05 21:00:41,734 - INFO - 调用API (尝试 1/3)
2025-05-05 21:02:06,087 - INFO - 成功为来源 'AFMU-China - https://2024.igem.wiki/afmu-china' 生成了 3 个问答对
2025-05-05 21:02:08,088 - INFO - 处理记录 2/107
2025-05-05 21:02:08,089 - INFO - 调用API (尝试 1/3)
2025-05-05 21:02:45,717 - INFO - 成功为来源 'Alma - https://2024.igem.wiki/alma' 生成了 3 个问答对
2025-05-05 21:02:47,719 - INFO - 处理记录 3/107
2025-05-05 21:02:47,719 - INFO - 调用API (尝试 1/3)
2025-05-05 21:03:22,779 - INFO - 成功为来源 'ANU - https://2024.igem.wiki/anu' 生成了 3 个问答对
2025-05-05 21:03:24,780 - INFO - 处理记录 4/107
2025-05-05 21:03:24,781 - INFO - 调用API (尝试 1/3)
2025-05-05 21:03:54,497 - INFO - 成功为来源 'BGI-MammothEdu-East - https://2024.igem.wiki/bgi-mammothedu-east' 生成了 3 个问答对
2025-05-05 21:03:56,499 - INFO - 处理记录 5/107
2025-05-05 21:03:56,499 - INFO - 调用API (尝试 1/3)
2025-05-05 21:04:27,708 - INFO - 成功为来源 'BAID-China - https://2024.igem.wiki/baid-china' 生成了 3 个问答对
2025-05-05 21:04:29,710 - INFO - 处理记录 6/107
2025-05-05 21:04:29,710 - INFO - 调用API (尝试 1/3)
2025-05-05 21:05:08,365 - INFO - 成功为来源 'BGI-MammothEdu-South - https://2024.igem.wiki/bgi-mammothedu-south' 生成了 3 个问答对
2025-05-05 21:05:10,368 - INFO - 处理记录 7/107
2025-05-05 21:05:10,368 - INFO - 调用API (尝试 1/3)
2025-05-05 21:05:46,350 - INFO - 成功为来源 'BNUZH-China - https://2024.igem.wiki/bnuzh-china' 生成了 3 个问答对
2025-05-05 21:05:48,352 - INFO - 处理记录 8/107
2025-05-05 21:05:48,353 - INFO - 调用API (尝试 1/3)
2025-05-05 21:06:22,804 - INFO - 成功为来源 'Bolivia - https://2024.igem.wiki/bolivia' 生成了 3 个问答对
2025-05-05 21:06:24,806 - INFO - 处理记录 9/107
2025-05-05 21:06:24,806 - INFO - 调用API (尝试 1/3)
2025-05-05 21:06:55,473 - INFO - 成功为来源 'BWYA - https://2024.igem.wiki/bwya' 生成了 3 个问答对
2025-05-05 21:06:57,475 - INFO - 处理记录 10/107
2025-05-05 21:06:57,475 - INFO - 调用API (尝试 1/3)
2025-05-05 21:22:50,890 - INFO - 成功从/home/user/project/25050300iGemLLM/QA/data/teams_wiki_data.json加载了107条记录
2025-05-05 21:22:50,890 - INFO - 将处理 107 条记录 (从索引 0 开始)
2025-05-05 21:22:50,890 - INFO - 处理记录 1/107
2025-05-05 21:24:19,848 - INFO - 成功从/home/user/project/25050300iGemLLM/QA/data/teams_wiki_data.json加载了107条记录
2025-05-05 21:24:19,848 - INFO - 将处理 107 条记录 (从索引 0 开始)
2025-05-05 21:24:19,848 - INFO - 处理记录 1/107
2025-05-05 21:24:19,848 - INFO - 调用API (尝试 1/3)
2025-05-05 21:24:30,490 - INFO - 成功从/home/user/project/25050300iGemLLM/QA/data/teams_wiki_data.json加载了107条记录
2025-05-05 21:24:30,490 - INFO - 将处理 107 条记录 (从索引 0 开始)
2025-05-05 21:24:30,490 - INFO - 处理记录 1/107
2025-05-05 21:24:30,490 - INFO - 调用API (尝试 1/3)
2025-05-05 21:24:55,656 - INFO - 成功从/home/user/project/25050300iGemLLM/QA/data/teams_wiki_data.json加载了107条记录
2025-05-05 21:24:55,656 - INFO - 将处理 107 条记录 (从索引 0 开始)
2025-05-05 21:24:55,656 - INFO - 处理记录 1/107
2025-05-05 21:24:55,656 - INFO - 调用API (尝试 1/3)
2025-05-05 21:26:59,052 - INFO - 成功为来源 'AFMU-China - https://2024.igem.wiki/afmu-china' 生成了 3 个问答对
2025-05-05 21:27:01,053 - INFO - 处理记录 2/107
2025-05-05 21:27:01,054 - INFO - 调用API (尝试 1/3)
2025-05-05 21:27:48,963 - WARNING - 直接JSON解析失败，尝试提取JSON部分
2025-05-05 21:27:48,963 - INFO - 成功为来源 'Alma - https://2024.igem.wiki/alma' 生成了 3 个问答对
2025-05-05 21:27:50,965 - INFO - 处理记录 3/107
2025-05-05 21:27:50,966 - INFO - 调用API (尝试 1/3)
2025-05-05 21:28:30,834 - WARNING - 直接JSON解析失败，尝试提取JSON部分
2025-05-05 21:28:30,835 - INFO - 成功为来源 'ANU - https://2024.igem.wiki/anu' 生成了 3 个问答对
2025-05-05 21:28:32,837 - INFO - 处理记录 4/107
2025-05-05 21:28:32,837 - INFO - 调用API (尝试 1/3)
2025-05-05 21:29:24,865 - WARNING - 直接JSON解析失败，尝试提取JSON部分
2025-05-05 21:29:24,865 - INFO - 成功为来源 'BGI-MammothEdu-East - https://2024.igem.wiki/bgi-mammothedu-east' 生成了 3 个问答对
2025-05-05 21:29:26,867 - INFO - 处理记录 5/107
2025-05-05 21:29:26,867 - INFO - 调用API (尝试 1/3)
2025-05-05 21:30:09,862 - WARNING - 直接JSON解析失败，尝试提取JSON部分
2025-05-05 21:30:09,862 - INFO - 成功为来源 'BAID-China - https://2024.igem.wiki/baid-china' 生成了 3 个问答对
2025-05-05 21:30:11,864 - INFO - 处理记录 6/107
2025-05-05 21:30:11,865 - INFO - 调用API (尝试 1/3)
2025-05-05 21:30:54,315 - INFO - 成功从/home/user/project/25050300iGemLLM/QA/data/teams_wiki_data.json加载了107条记录
2025-05-05 21:30:54,315 - INFO - 将处理 107 条记录 (从索引 0 开始)
2025-05-05 21:30:54,315 - INFO - 处理记录 1/107
2025-05-05 21:30:54,315 - INFO - 调用API (尝试 1/3)
2025-05-05 21:31:51,639 - INFO - 成功为来源 'AFMU-China - https://2024.igem.wiki/afmu-china' 生成了 3 个问答对
2025-05-05 21:31:53,641 - INFO - 处理记录 2/107
2025-05-05 21:31:53,641 - INFO - 调用API (尝试 1/3)
2025-05-05 21:32:39,755 - INFO - 成功为来源 'Alma - https://2024.igem.wiki/alma' 生成了 3 个问答对
2025-05-05 21:32:41,757 - INFO - 处理记录 3/107
2025-05-05 21:32:41,757 - INFO - 调用API (尝试 1/3)
2025-05-05 21:33:21,756 - WARNING - 直接JSON解析失败，尝试提取JSON部分
2025-05-05 21:33:21,757 - INFO - 成功为来源 'ANU - https://2024.igem.wiki/anu' 生成了 3 个问答对
2025-05-05 21:33:23,759 - INFO - 处理记录 4/107
2025-05-05 21:33:23,759 - INFO - 调用API (尝试 1/3)
2025-05-05 21:34:07,115 - INFO - 成功为来源 'BGI-MammothEdu-East - https://2024.igem.wiki/bgi-mammothedu-east' 生成了 3 个问答对
2025-05-05 21:34:09,118 - INFO - 处理记录 5/107
2025-05-05 21:34:09,118 - INFO - 调用API (尝试 1/3)
2025-05-05 21:34:54,425 - WARNING - 直接JSON解析失败，尝试提取JSON部分
2025-05-05 21:34:54,426 - INFO - 成功为来源 'BAID-China - https://2024.igem.wiki/baid-china' 生成了 3 个问答对
2025-05-05 21:34:56,428 - INFO - 处理记录 6/107
2025-05-05 21:34:56,429 - INFO - 调用API (尝试 1/3)
2025-05-05 21:35:49,411 - INFO - 成功为来源 'BGI-MammothEdu-South - https://2024.igem.wiki/bgi-mammothedu-south' 生成了 3 个问答对
2025-05-05 21:35:51,414 - INFO - 处理记录 7/107
2025-05-05 21:35:51,415 - INFO - 调用API (尝试 1/3)
2025-05-05 21:36:42,352 - INFO - 成功为来源 'BNUZH-China - https://2024.igem.wiki/bnuzh-china' 生成了 3 个问答对
2025-05-05 21:36:44,354 - INFO - 处理记录 8/107
2025-05-05 21:36:44,355 - INFO - 调用API (尝试 1/3)
2025-05-05 21:37:32,271 - INFO - 成功为来源 'Bolivia - https://2024.igem.wiki/bolivia' 生成了 3 个问答对
2025-05-05 21:37:34,274 - INFO - 处理记录 9/107
2025-05-05 21:37:34,274 - INFO - 调用API (尝试 1/3)
2025-05-05 21:51:13,178 - INFO - 成功从/home/user/project/25050300iGemLLM/QA/data/teams_wiki_data.json加载了107条记录
2025-05-05 21:51:13,178 - INFO - 将处理 107 条记录 (从索引 0 开始)
2025-05-05 21:51:13,178 - INFO - 处理记录 1/107
2025-05-05 21:51:13,178 - INFO - 调用API (尝试 1/3)
2025-05-05 21:51:56,686 - INFO - 成功为来源 'AFMU-China - https://2024.igem.wiki/afmu-china' 生成了 3 个问答对
2025-05-05 21:51:58,688 - INFO - 处理记录 2/107
2025-05-05 21:51:58,688 - INFO - 调用API (尝试 1/3)
2025-05-05 21:52:52,635 - WARNING - 直接JSON解析失败，尝试提取JSON部分
2025-05-05 21:52:52,636 - INFO - 成功为来源 'Alma - https://2024.igem.wiki/alma' 生成了 3 个问答对
2025-05-05 21:52:54,637 - INFO - 处理记录 3/107
2025-05-05 21:52:54,638 - INFO - 调用API (尝试 1/3)
2025-05-05 21:53:33,555 - INFO - 成功为来源 'ANU - https://2024.igem.wiki/anu' 生成了 3 个问答对
2025-05-05 21:53:35,557 - INFO - 处理记录 4/107
2025-05-05 21:53:35,558 - INFO - 调用API (尝试 1/3)
2025-05-05 21:54:24,960 - WARNING - 直接JSON解析失败，尝试提取JSON部分
2025-05-05 21:54:24,961 - INFO - 成功为来源 'BGI-MammothEdu-East - https://2024.igem.wiki/bgi-mammothedu-east' 生成了 3 个问答对
2025-05-05 21:54:26,962 - INFO - 处理记录 5/107
2025-05-05 21:54:26,963 - INFO - 调用API (尝试 1/3)
2025-05-05 21:55:09,607 - WARNING - 直接JSON解析失败，尝试提取JSON部分
2025-05-05 21:55:09,608 - INFO - 成功为来源 'BAID-China - https://2024.igem.wiki/baid-china' 生成了 3 个问答对
2025-05-05 21:55:11,610 - INFO - 处理记录 6/107
2025-05-05 21:55:11,610 - INFO - 调用API (尝试 1/3)
2025-05-05 21:56:05,907 - WARNING - 直接JSON解析失败，尝试提取JSON部分
2025-05-05 21:56:05,907 - INFO - 成功为来源 'BGI-MammothEdu-South - https://2024.igem.wiki/bgi-mammothedu-south' 生成了 3 个问答对
2025-05-05 21:56:07,909 - INFO - 处理记录 7/107
2025-05-05 21:56:07,910 - INFO - 调用API (尝试 1/3)
2025-05-05 21:57:04,800 - INFO - 成功为来源 'BNUZH-China - https://2024.igem.wiki/bnuzh-china' 生成了 3 个问答对
2025-05-05 21:57:06,802 - INFO - 处理记录 8/107
2025-05-05 21:57:06,803 - INFO - 调用API (尝试 1/3)
2025-05-05 21:57:53,788 - WARNING - 直接JSON解析失败，尝试提取JSON部分
2025-05-05 21:57:53,788 - INFO - 成功为来源 'Bolivia - https://2024.igem.wiki/bolivia' 生成了 3 个问答对
2025-05-05 21:57:55,791 - INFO - 处理记录 9/107
2025-05-05 21:57:55,791 - INFO - 调用API (尝试 1/3)
2025-05-05 21:58:44,324 - WARNING - 直接JSON解析失败，尝试提取JSON部分
2025-05-05 21:58:44,324 - INFO - 成功为来源 'BWYA - https://2024.igem.wiki/bwya' 生成了 3 个问答对
2025-05-05 21:58:46,328 - INFO - 处理记录 10/107
2025-05-05 21:58:46,328 - INFO - 调用API (尝试 1/3)
2025-05-05 21:59:35,311 - WARNING - 直接JSON解析失败，尝试提取JSON部分
2025-05-05 21:59:35,311 - INFO - 成功为来源 'CAU-China - https://2024.igem.wiki/cau-china' 生成了 3 个问答对
2025-05-05 21:59:37,314 - INFO - 处理记录 11/107
2025-05-05 21:59:37,315 - INFO - 调用API (尝试 1/3)
